{smcl}
{com}{sf}{ul off}{txt}{.-}
      name:  {res}<unnamed>
       {txt}log:  {res}C:\Users\jamel\Dropbox\stata\vn\graph1.smcl
  {txt}log type:  {res}smcl
 {txt}opened on:  {res}26 Aug 2023, 19:51:54
{txt}
{com}. 
. 
. use "C:\Users\jamel\Dropbox\stata\vn\dynardl_results.dta", clear 
{txt}
{com}. 
. /* twoway rarea ll_95 ul_95 time || rarea ll_90 ul_90 time ///
> || rarea ll_75 ul_75 time|| line mean time, legend(off) /// 
> ytitle("Predicted Value") xtitle("Time") lpattern(longdash dot) ///
> lwidth(medium) xlabel(,grid) */
. 
. twoway rarea ll_95 ul_95 time, color(gs12) ///
> || line mean time, title(Symmetric effect of NER on M2D) ///
> legend( label(1 "95% CI") label(2 "NER variation") ///
> position(3) rows(2) ) ytitle("Predicted Value") xtitle("Time") ///
> lpattern(longdash dot) lwidth(medium) xlabel(,grid)
{res}{txt}
{com}. 
. graph rename dyn_ardl_aic_sj, replace
{txt}(note: graph dyn_ardl_aic_sj not found)

{com}. capture graph export dyn_ardl_aic_sj.png, replace
{txt}
{com}. capture graph export dyn_ardl_aic_sj.pdf, replace
{txt}
{com}. 
. 
. // Save the data
. save ///
> "C:\Users\jamel\Dropbox\stata\vn\data_graph1.dta", ///
> replace
{txt}{p 0 4 2}
file {bf}
C:\Users\jamel\Dropbox\stata\vn\data_graph1.dta{rm}
saved
{p_end}

{com}. 
. log close
      {txt}name:  {res}<unnamed>
       {txt}log:  {res}C:\Users\jamel\Dropbox\stata\vn\graph1.smcl
  {txt}log type:  {res}smcl
 {txt}closed on:  {res}26 Aug 2023, 19:51:54
{txt}{.-}
{smcl}
{txt}{sf}{ul off}